// Jest Snapshot v1, https://goo.gl/fbAQLP

exports[`Project Card <Card> rendering renders correctly 1`] = `ShallowWrapper {}`;
