// Jest Snapshot v1, https://goo.gl/fbAQLP

exports[`<Form> should add items 1`] = `ShallowWrapper {}`;
