// Jest Snapshot v1, https://goo.gl/fbAQLP

exports[`input check render should render without props correctly 1`] = `ShallowWrapper {}`;
